# vsim -c test -do "run 10ms; quit" -l log/sim.log 
# Start time: 13:16:42 on Apr 27,2024
# Loading sv_std.std
# Loading work.test
# Loading work.subcnt
# run 10ms
# Simulation Start!!
# clk = 0 :     0
# clk = 1 :     5
# clk = 0 :    10
# clk = 1 :    15
# clk = 0 :    20
# clk = 1 :    25
# clk = 0 :    30
# clk = 1 :    35
# clk = 0 :    40
# clk = 1 :    45
# clk = 0 :    50
# clk = 1 :    55
# clk = 0 :    60
# clk = 1 :    65
# clk = 0 :    70
# clk = 1 :    75
# clk = 0 :    80
# clk = 1 :    85
# clk = 0 :    90
# clk = 1 :    95
# clk = 0 :   100
# clk = 1 :   105
# clk = 0 :   110
# clk = 1 :   115
# clk = 0 :   120
# clk = 1 :   125
# clk = 0 :   130
# clk = 1 :   135
# clk = 0 :   140
# clk = 1 :   145
# clk = 0 :   150
# clk = 1 :   155
# clk = 0 :   160
# clk = 1 :   165
# clk = 0 :   170
# clk = 1 :   175
# clk = 0 :   180
# clk = 1 :   185
# clk = 0 :   190
# clk = 1 :   195
# clk = 0 :   200
# clk = 1 :   205
# clk = 0 :   210
# clk = 1 :   215
# clk = 0 :   220
# clk = 1 :   225
# clk = 0 :   230
# clk = 1 :   235
# clk = 0 :   240
# clk = 1 :   245
# clk = 0 :   250
# clk = 1 :   255
# clk = 0 :   260
# clk = 1 :   265
# clk = 0 :   270
# clk = 1 :   275
# clk = 0 :   280
# clk = 1 :   285
# clk = 0 :   290
# clk = 1 :   295
# clk = 0 :   300
# clk = 1 :   305
# clk = 0 :   310
# clk = 1 :   315
# clk = 0 :   320
# clk = 1 :   325
# clk = 0 :   330
# clk = 1 :   335
# clk = 0 :   340
# clk = 1 :   345
# clk = 0 :   350
# clk = 1 :   355
# clk = 0 :   360
# clk = 1 :   365
# clk = 0 :   370
# clk = 1 :   375
# clk = 0 :   380
# clk = 1 :   385
# clk = 0 :   390
# clk = 1 :   395
# clk = 0 :   400
# clk = 1 :   405
# clk = 0 :   410
# clk = 1 :   415
# clk = 0 :   420
# clk = 1 :   425
# clk = 0 :   430
# clk = 1 :   435
# clk = 0 :   440
# clk = 1 :   445
# clk = 0 :   450
# clk = 1 :   455
# clk = 0 :   460
# clk = 1 :   465
# clk = 0 :   470
# clk = 1 :   475
# clk = 0 :   480
# clk = 1 :   485
# clk = 0 :   490
# clk = 1 :   495
# clk = 0 :   500
# clk = 1 :   505
# clk = 0 :   510
# clk = 1 :   515
# clk = 0 :   520
# clk = 1 :   525
# clk = 0 :   530
# clk = 1 :   535
# clk = 0 :   540
# clk = 1 :   545
# clk = 0 :   550
# clk = 1 :   555
# clk = 0 :   560
# clk = 1 :   565
# clk = 0 :   570
# clk = 1 :   575
# clk = 0 :   580
# clk = 1 :   585
# clk = 0 :   590
# clk = 1 :   595
# clk = 0 :   600
# clk = 1 :   605
# clk = 0 :   610
# clk = 1 :   615
# clk = 0 :   620
# clk = 1 :   625
# clk = 0 :   630
# clk = 1 :   635
# clk = 0 :   640
# clk = 1 :   645
# clk = 0 :   650
# clk = 1 :   655
# clk = 0 :   660
# clk = 1 :   665
# clk = 0 :   670
# clk = 1 :   675
# clk = 0 :   680
# clk = 1 :   685
# clk = 0 :   690
# clk = 1 :   695
# clk = 0 :   700
# clk = 1 :   705
# clk = 0 :   710
# clk = 1 :   715
# clk = 0 :   720
# clk = 1 :   725
# clk = 0 :   730
# clk = 1 :   735
# clk = 0 :   740
# clk = 1 :   745
# clk = 0 :   750
# clk = 1 :   755
# clk = 0 :   760
# clk = 1 :   765
# clk = 0 :   770
# clk = 1 :   775
# clk = 0 :   780
# clk = 1 :   785
# clk = 0 :   790
# clk = 1 :   795
# clk = 0 :   800
# clk = 1 :   805
# clk = 0 :   810
# clk = 1 :   815
# clk = 0 :   820
# clk = 1 :   825
# clk = 0 :   830
# clk = 1 :   835
# clk = 0 :   840
# clk = 1 :   845
# clk = 0 :   850
# clk = 1 :   855
# clk = 0 :   860
# clk = 1 :   865
# clk = 0 :   870
# clk = 1 :   875
# clk = 0 :   880
# clk = 1 :   885
# clk = 0 :   890
# clk = 1 :   895
# clk = 0 :   900
# clk = 1 :   905
# clk = 0 :   910
# clk = 1 :   915
# clk = 0 :   920
# clk = 1 :   925
# clk = 0 :   930
# clk = 1 :   935
# clk = 0 :   940
# clk = 1 :   945
# clk = 0 :   950
# clk = 1 :   955
# clk = 0 :   960
# clk = 1 :   965
# clk = 0 :   970
# clk = 1 :   975
# clk = 0 :   980
# clk = 1 :   985
# clk = 0 :   990
# clk = 1 :   995
# clk = 0 :  1000
# clk = 1 :  1005
# clk = 0 :  1010
# clk = 1 :  1015
# clk = 0 :  1020
# clk = 1 :  1025
# clk = 0 :  1030
# clk = 1 :  1035
# clk = 0 :  1040
# clk = 1 :  1045
# clk = 0 :  1050
# clk = 1 :  1055
# clk = 0 :  1060
# clk = 1 :  1065
# clk = 0 :  1070
# clk = 1 :  1075
# clk = 0 :  1080
# clk = 1 :  1085
# clk = 0 :  1090
# clk = 1 :  1095
# Simulation End!! :                 1100 ns
# ** Note: $finish    : testbench/test.sv(18)
#    Time: 1100 ns  Iteration: 0  Instance: /test
# End time: 13:16:43 on Apr 27,2024, Elapsed time: 0:00:01
# Errors: 0, Warnings: 0
